s01   0.815  'um sessenta e quatro marios'→'1 64 marius' | 'dez'→'10' | 'gumba'→'goomba' | 'trinta e cinco'→'35' | 'cinco'→'5' | 'cinco'→'5'
s02   0.704  'zerou'→'herou' | 'trinta e duas'→'32' | 'um um'→'1 1' | 'bauzer'→'bowser' | 'oito quatro'→'8 4'
s03   0.976  'pra'→'para'
s04   1.000  
s05   0.806  'trinta e duas'→'32' | 'um um'→'1' | 'oito quatro'→'8 4' | 'mil novecentos e oitenta e cinco'→'1985' | 'debaixo'→'de baixo' | 'bauzer'→'bowser' | 'a sessenta'→'60' | 'agente'→'gente'
s06   0.969  'pra'→'para'
s07   1.000  
s08   0.980  'cem'→'100'
s09   0.948  'ia'→'inteligencia artificial' | 'ia'→'inteligencia artificial' | 'pousa'→'pouse' | ''→'obrigado'
s10   0.898  'ia'→'inteligencia artificial' | 'a gente'→'agente' | 'quarenta e quatro'→'44' | 'dezesseis'→'16' | 'mario'→'mar e' | 'pra'→'para'
s11   0.938  'parado'→'parada' | 'ia'→'inteligencia artificial' | 'pra'→'para a'
s12   0.750  'um'→'1'
s13   0.911  'sessenta e quatro'→'64' | 'dez por cento'→'10' | 'dez por cento'→'10' | 'pra'→'para' | 'sethbling'→'7 blin' | 'ia'→'inteligencia artificial'
s14   0.972  'dez'→'10'
s15   0.937  'o um'→'' | 'pra'→'para a'
s16   0.838  'um dois'→'1 2' | 'um tres'→'1 3' | 'um tres'→'1 3'
s17   0.937  'um'→'1' | 'duzentos'→'200' | 'vinte e cinco'→'25'
s17b  0.750  'trinta e duas'→'32'
s18   0.917  'dois'→'2'
s19   0.969  'q'→'que' | 'pulo'→'puro' | 'ia'→'inteligencia artificial'
s20   0.933  'dez'→'10' | 'ia'→'inteligencia artificial' | 'superconfiante'→'super confiante' | 'anti ego'→'antigo'
s21   0.932  'um'→'1' | 'duzentos'→'200' | 'um um'→'1'
s21b  0.783  'no um dois'→'num 2'
s22   0.769  'tres'→'3' | 'iqn'→'i q n'
s23   0.951  'dois mil e dezessete'→'2017' | 'duelin'→'dueling' | 'cinco'→'5' | 'cinco'→'5' | 'pra'→'para' | 'ao'→'a'
s24   0.761  'quatrocentos'→'400' | 'cento e doze'→'112' | 'doze'→'12' | 'seis'→'6' | 'mil duzentos e cinquenta'→'1 250' | 'quatro'→'4' | 'oito'→'8' | 'vinte e quatro'→'24'
s25   0.903  'um tres'→'1 3' | '8881'→'8 881' | 'ia'→'inteligencia artificial' | 'duzentos'→'200' | 'worker'→'vorker' | 'um'→'1' | 'duzentos'→'200'
s25b  0.750  'um tres'→'1 3'
s26   0.692  'quatro'→'4' | 'ia'→'inteligencia artificial' | 'a que'→'aqui'
s27   0.896  'pra'→'para' | 'seis'→'6' | 'seis'→'6' | 'dois'→'2' | 'quarenta e oito'→'48' | 'pra'→'para'
s28   0.923  'um um'→'1' | 'sete'→'7' | 'bros'→'broys'
s29   0.750  'oito quatro'→'8 4' | 'bauzer'→'bowser' | 'quarenta e oito'→'48' | 'sessenta e quatro'→'64'
s30   0.952  'dagger'→'dager' | 'dezesseis'→'16' | 'um dois'→'1 2' | 'pro'→'para o'
s31   0.964  'pra'→'para a' | 'pra'→'para'
s32   0.796  'um'→'1' | 'duzentos'→'200' | 'cinco'→'5' | 'sessenta e quatro'→'64' | 'um um'→'1 1' | 'um dois'→'1 2' | 'um tres'→'1 3' | 'um um'→'1 1'
s33   0.952  'ia'→'inteligencia artificial' | 'alphazero'→'alfa zero' | ''→'obrigado'
s34   0.829  'como eu programo'→'com o meu programa'
s35   0.941  'ia'→'inteligencia artificial' | 'oito quatro'→'8 4'
